// Jest Snapshot v1, https://goo.gl/fbAQLP

exports[`Data table component Renders data table component 1`] = `
<Fragment>
  <AgGridReact
    animateRows={true}
    columnDefs={
      Array [
        Object {
          "colId": "max(bytes)",
          "columnsMenuParams": Object {
            "suppressColumnExpandAll": true,
            "suppressColumnFilter": true,
            "suppressColumnSelectAll": true,
          },
          "field": "max(bytes)",
          "headerName": "max(bytes)",
          "lockVisible": true,
        },
        Object {
          "colId": "host",
          "columnsMenuParams": Object {
            "suppressColumnExpandAll": true,
            "suppressColumnFilter": true,
            "suppressColumnSelectAll": true,
          },
          "field": "host",
          "headerName": "host",
          "lockVisible": true,
        },
        Object {
          "colId": "tags",
          "columnsMenuParams": Object {
            "suppressColumnExpandAll": true,
            "suppressColumnFilter": true,
            "suppressColumnSelectAll": true,
          },
          "field": "tags",
          "headerName": "tags",
          "lockVisible": true,
        },
      ]
    }
    defaultColDef={
      Object {
        "filter": undefined,
        "flex": 1,
        "headerHeight": 400,
        "minWidth": 100,
        "resizable": true,
        "sortable": true,
        "suppressMenu": false,
        "type": undefined,
      }
    }
    domLayout="autoHeight"
    onGridReady={[Function]}
    paginationPageSize={10}
    rowData={
      Array [
        Object {
          "host": "artifacts.opensearch.org",
          "max(bytes)": 19897,
          "tags": "error",
        },
        Object {
          "host": "artifacts.opensearch.org",
          "max(bytes)": 19904,
          "tags": "info",
        },
        Object {
          "host": "artifacts.opensearch.org",
          "max(bytes)": 19929,
          "tags": "login",
        },
        Object {
          "host": "artifacts.opensearch.org",
          "max(bytes)": 19856,
          "tags": "security",
        },
        Object {
          "host": "artifacts.opensearch.org",
          "max(bytes)": 19904,
          "tags": "success",
        },
        Object {
          "host": "artifacts.opensearch.org",
          "max(bytes)": 19929,
          "tags": "warning",
        },
        Object {
          "host": "cdn.opensearch-opensearch-opensearch.org",
          "max(bytes)": 9947,
          "tags": "error",
        },
        Object {
          "host": "cdn.opensearch-opensearch-opensearch.org",
          "max(bytes)": 9998,
          "tags": "info",
        },
        Object {
          "host": "cdn.opensearch-opensearch-opensearch.org",
          "max(bytes)": 9717,
          "tags": "login",
        },
        Object {
          "host": "cdn.opensearch-opensearch-opensearch.org",
          "max(bytes)": 9973,
          "tags": "security",
        },
      ]
    }
    rowHeight={35}
    suppressFieldDotNotation={true}
    suppressPaginationPanel={true}
  />
</Fragment>
`;
