// Jest Snapshot v1, https://goo.gl/fbAQLP

exports[`Gauge component Renders gauge component 1`] = `
<Gauge
  config={true}
  layout={
    Object {
      "colorway": Array [
        "#8C55A3",
      ],
      "height": 220,
      "margin": Object {
        "b": 15,
        "l": 60,
        "pad": 0,
        "r": 10,
        "t": 30,
      },
      "showlegend": true,
    }
  }
  visualizations={
    Object {
      "data": Object {
        "appData": Object {
          "fromApp": false,
        },
        "defaultAxes": Object {
          "xaxis": Array [
            Object {
              "label": "tags",
              "name": "tags",
              "type": "text",
            },
          ],
          "yaxis": Array [
            Object {
              "label": "max(bytes)",
              "name": "max(bytes)",
              "type": "long",
            },
            Object {
              "label": "host",
              "name": "host",
              "type": "text",
            },
          ],
        },
        "indexFields": Object {
          "availableFields": Array [
            Object {
              "name": "agent",
              "type": "string",
            },
            Object {
              "name": "bytes",
              "type": "long",
            },
            Object {
              "name": "clientip",
              "type": "ip",
            },
            Object {
              "name": "event",
              "type": "struct",
            },
            Object {
              "name": "extension",
              "type": "string",
            },
            Object {
              "name": "geo",
              "type": "struct",
            },
            Object {
              "name": "host",
              "type": "string",
            },
            Object {
              "name": "index",
              "type": "string",
            },
            Object {
              "name": "ip",
              "type": "ip",
            },
            Object {
              "name": "machine",
              "type": "struct",
            },
            Object {
              "name": "memory",
              "type": "double",
            },
            Object {
              "name": "message",
              "type": "string",
            },
            Object {
              "name": "phpmemory",
              "type": "long",
            },
            Object {
              "name": "referer",
              "type": "string",
            },
            Object {
              "name": "request",
              "type": "string",
            },
            Object {
              "name": "response",
              "type": "string",
            },
            Object {
              "name": "tags",
              "type": "string",
            },
            Object {
              "name": "timestamp",
              "type": "timestamp",
            },
            Object {
              "name": "url",
              "type": "string",
            },
            Object {
              "name": "utc_time",
              "type": "timestamp",
            },
          ],
          "queriedFields": Array [
            Object {
              "name": "double_per_ip_bytes",
              "type": "long",
            },
            Object {
              "name": "host",
              "type": "text",
            },
            Object {
              "name": "ip_count",
              "type": "integer",
            },
            Object {
              "name": "per_ip_bytes",
              "type": "long",
            },
            Object {
              "name": "resp_code",
              "type": "text",
            },
            Object {
              "name": "sum_bytes",
              "type": "long",
            },
          ],
          "selectedFields": Array [],
          "unselectedFields": Array [],
        },
        "query": Object {},
        "rawVizData": Object {
          "data": Object {
            "host": Array [
              "artifacts.opensearch.org",
              "artifacts.opensearch.org",
              "artifacts.opensearch.org",
              "artifacts.opensearch.org",
              "artifacts.opensearch.org",
              "artifacts.opensearch.org",
              "cdn.opensearch-opensearch-opensearch.org",
              "cdn.opensearch-opensearch-opensearch.org",
              "cdn.opensearch-opensearch-opensearch.org",
              "cdn.opensearch-opensearch-opensearch.org",
            ],
            "max(bytes)": Array [
              19897,
              19904,
              19929,
              19856,
              19904,
              19929,
              9947,
              9998,
              9717,
              9973,
            ],
            "tags": Array [
              "error",
              "info",
              "login",
              "security",
              "success",
              "warning",
              "error",
              "info",
              "login",
              "security",
            ],
          },
          "jsonData": Array [
            Object {
              "host": "artifacts.opensearch.org",
              "max(bytes)": 19897,
              "tags": "error",
            },
            Object {
              "host": "artifacts.opensearch.org",
              "max(bytes)": 19904,
              "tags": "info",
            },
            Object {
              "host": "artifacts.opensearch.org",
              "max(bytes)": 19929,
              "tags": "login",
            },
            Object {
              "host": "artifacts.opensearch.org",
              "max(bytes)": 19856,
              "tags": "security",
            },
            Object {
              "host": "artifacts.opensearch.org",
              "max(bytes)": 19904,
              "tags": "success",
            },
            Object {
              "host": "artifacts.opensearch.org",
              "max(bytes)": 19929,
              "tags": "warning",
            },
            Object {
              "host": "cdn.opensearch-opensearch-opensearch.org",
              "max(bytes)": 9947,
              "tags": "error",
            },
            Object {
              "host": "cdn.opensearch-opensearch-opensearch.org",
              "max(bytes)": 9998,
              "tags": "info",
            },
            Object {
              "host": "cdn.opensearch-opensearch-opensearch.org",
              "max(bytes)": 9717,
              "tags": "login",
            },
            Object {
              "host": "cdn.opensearch-opensearch-opensearch.org",
              "max(bytes)": 9973,
              "tags": "security",
            },
          ],
          "metadata": Object {
            "fields": Array [
              Object {
                "name": "max(bytes)",
                "type": "long",
              },
              Object {
                "name": "host",
                "type": "text",
              },
              Object {
                "name": "tags",
                "type": "text",
              },
            ],
          },
          "size": 10,
          "status": 200,
        },
        "userConfigs": Object {
          "dataConfig": Object {
            "dimensions": Array [
              Object {
                "customLabel": "",
                "label": "host",
                "name": "host",
              },
              Object {
                "customLabel": "",
                "label": "tags",
                "name": "tags",
              },
            ],
            "series": Array [
              Object {
                "aggregation": "max",
                "customLabel": "",
                "label": "bytes",
                "name": "bytes",
              },
            ],
          },
        },
      },
      "vis": Object {
        "category": "Visualizations",
        "component": [Function],
        "editorconfig": Object {
          "panelTabs": Array [
            Object {
              "editor": [Function],
              "id": "data-panel",
              "mapTo": "dataConfig",
              "name": "Style",
              "sections": Array [
                Object {
                  "editor": [Function],
                  "id": "chart-styles",
                  "mapTo": "chartStyles",
                  "name": "Chart styles",
                  "schemas": Array [
                    Object {
                      "component": [Function],
                      "eleType": "buttons",
                      "mapTo": "orientation",
                      "name": "Orientation",
                      "props": Object {
                        "defaultSelections": Array [
                          Object {
                            "id": "auto",
                            "name": "Auto",
                          },
                        ],
                        "options": Array [
                          Object {
                            "id": "auto",
                            "name": "Auto",
                          },
                          Object {
                            "id": "v",
                            "name": "Vertical",
                          },
                          Object {
                            "id": "h",
                            "name": "Horizontal",
                          },
                        ],
                      },
                    },
                    Object {
                      "component": [Function],
                      "eleType": "buttons",
                      "mapTo": "legendPlacement",
                      "name": "Legend placement",
                      "props": Object {
                        "defaultSelections": Array [
                          Object {
                            "id": "center",
                            "name": "Center",
                          },
                        ],
                        "options": Array [
                          Object {
                            "id": "center",
                            "name": "Center",
                          },
                          Object {
                            "id": "right",
                            "name": "Right",
                          },
                          Object {
                            "id": "left",
                            "name": "Left",
                          },
                        ],
                      },
                    },
                    Object {
                      "component": [Function],
                      "eleType": "input",
                      "mapTo": "titleSize",
                      "name": "Title size",
                      "title": "Title size",
                    },
                    Object {
                      "component": [Function],
                      "eleType": "input",
                      "mapTo": "valueSize",
                      "name": "Value size",
                      "title": "Value size",
                    },
                    Object {
                      "component": [Function],
                      "currentValue": false,
                      "eleType": "switchButton",
                      "mapTo": "showThresholdLabels",
                      "name": "Show threshold labels",
                      "title": "Show threshold labels",
                    },
                    Object {
                      "component": [Function],
                      "currentValue": true,
                      "eleType": "switchButton",
                      "mapTo": "showThresholdMarkers",
                      "name": "Show threshold markers",
                      "title": "Show threshold markers",
                    },
                  ],
                },
                Object {
                  "defaultState": Array [],
                  "editor": [Function],
                  "id": "thresholds",
                  "mapTo": "thresholds",
                  "name": "Thresholds",
                  "props": Object {
                    "maxLimit": 1,
                  },
                  "schemas": Array [],
                },
              ],
            },
            Object {
              "content": Array [],
              "editor": [Function],
              "id": "style-panel",
              "mapTo": "layoutConfig",
              "name": "Layout",
            },
          ],
        },
        "fulllabel": "Gauge",
        "icon": [Function],
        "icontype": "visGauge",
        "id": "gauge",
        "label": "Gauge",
        "name": "Gauge",
        "selection": Object {
          "dataLoss": "nothing",
        },
        "type": "indicator",
        "valueseries": "yaxis",
        "visconfig": Object {
          "config": Object {
            "displaylogo": false,
            "responsive": true,
          },
          "layout": Object {
            "height": 1180,
            "legend": Object {
              "orientation": "v",
              "traceorder": "normal",
            },
            "margin": Object {
              "b": 30,
              "l": 60,
              "pad": 0,
              "r": 30,
              "t": 50,
            },
            "showlegend": true,
          },
        },
      },
    }
  }
>
  <Plt
    config={Object {}}
    data={
      Array [
        Object {
          "domain": Object {
            "column": 0,
            "row": 0,
          },
          "gauge": Object {},
          "mode": "gauge+number+delta",
          "title": Object {
            "align": "center",
            "font": Object {
              "size": 14,
            },
            "text": "artifacts.opensearch.org, error, max(bytes)",
          },
          "type": "indicator",
          "value": 19897,
        },
      ]
    }
    layout={
      Object {
        "colorway": Array [
          "#8C55A3",
        ],
        "grid": Object {
          "columns": 1,
          "pattern": "independent",
          "rows": 1,
        },
        "height": 220,
        "margin": Object {
          "b": 30,
          "l": 30,
          "pad": 4,
          "r": 5,
          "t": 100,
        },
        "showlegend": true,
        "title": "",
      }
    }
  >
    <PlotlyComponent
      config={
        Object {
          "displayModeBar": false,
        }
      }
      data={
        Array [
          Object {
            "domain": Object {
              "column": 0,
              "row": 0,
            },
            "gauge": Object {},
            "mode": "gauge+number+delta",
            "title": Object {
              "align": "center",
              "font": Object {
                "size": 14,
              },
              "text": "artifacts.opensearch.org, error, max(bytes)",
            },
            "type": "indicator",
            "value": 19897,
          },
        ]
      }
      debug={false}
      divId="explorerPlotComponent"
      layout={
        Object {
          "autosize": true,
          "barmode": "stack",
          "colorway": Array [
            "#8C55A3",
          ],
          "grid": Object {
            "columns": 1,
            "pattern": "independent",
            "rows": 1,
          },
          "height": 220,
          "hovermode": "closest",
          "legend": Object {
            "orientation": "h",
            "traceorder": "normal",
          },
          "margin": Object {
            "b": 30,
            "l": 30,
            "pad": 4,
            "r": 5,
            "t": 100,
          },
          "showlegend": true,
          "title": "",
          "xaxis": Object {
            "automargin": true,
            "rangemode": "normal",
            "showgrid": true,
            "zeroline": false,
          },
          "yaxis": Object {
            "rangemode": "normal",
            "showgrid": true,
            "zeroline": false,
          },
        }
      }
      style={
        Object {
          "height": "100%",
          "width": "100%",
        }
      }
      useResizeHandler={true}
    >
      <div
        id="explorerPlotComponent"
        style={
          Object {
            "height": "100%",
            "width": "100%",
          }
        }
      />
    </PlotlyComponent>
  </Plt>
</Gauge>
`;
